// 同步 ID: 324244f1 @ Sun Jul 26 01:01:01 UTC 2026
// 同步 ID: 12496f13 @ Sun Jul 26 08:14:26 UTC 2026
// 重构日志: 26a20f10
// 重构日志: 9f7ea925
// 重构日志: ba87b533
// 同步 ID: 7c106060 @ Wed Jul 29 04:02:05 UTC 2026
// 同步 ID: 5c80715f @ Wed Jul 29 17:52:03 UTC 2026
// 重构日志: 49d6a95f
// 重构日志: 367fd647
// 同步 ID: fa7761de @ Thu Jul 30 14:52:59 UTC 2026
// 同步 ID: 54b8796e @ Thu Jul 30 17:07:02 UTC 2026
// 重构日志: 2170be62
// 重构日志: fc48fa18
// 重构日志: bd5230d2
// 重构日志: c7017059
// 同步 ID: dfe01df7 @ Sat Aug  1 04:46:00 UTC 2026
// 重构日志: aaae3704
// 重构日志: 589d085e
// 重构日志: 7519bb80
// 同步 ID: 86f7cf96 @ Sun Aug  2 01:03:25 UTC 2026
// 重构日志: fba8014f
// 重构日志: 4b5d10cd
// 重构日志: 63ff67ee
// 重构日志: 2fe3d0a8
// 重构日志: 04e2e855
// 同步 ID: 58259e86 @ Wed Aug  5 18:49:55 UTC 2026
// 重构日志: 65bab341
// 重构日志: 0b2a5d14
// 重构日志: 2854921d
// 同步 ID: b1c6f8d1 @ Sat Aug  8 13:37:49 UTC 2026
